                                      1 ;--------------------------------------------------------
                                      2 ; File Created by SDCC : free open source ISO C Compiler 
                                      3 ; Version 4.4.0 #14620 (Linux)
                                      4 ;--------------------------------------------------------
                                      5 	.module main
                                      6 	.optsdcc -mstm8
                                      7 	
                                      8 ;--------------------------------------------------------
                                      9 ; Public variables in this module
                                     10 ;--------------------------------------------------------
                                     11 	.globl _main
                                     12 	.globl _uart1_puts
                                     13 	.globl _init_uart1
                                     14 	.globl _milis
                                     15 	.globl _init_milis
                                     16 	.globl _GPIO_ReadInputPin
                                     17 	.globl _GPIO_ReadOutputData
                                     18 	.globl _GPIO_WriteReverse
                                     19 	.globl _GPIO_WriteLow
                                     20 	.globl _GPIO_WriteHigh
                                     21 	.globl _GPIO_Write
                                     22 	.globl _GPIO_Init
                                     23 	.globl _CLK_HSIPrescalerConfig
                                     24 	.globl _sprintf
                                     25 ;--------------------------------------------------------
                                     26 ; ram data
                                     27 ;--------------------------------------------------------
                                     28 	.area DATA
                                     29 ;--------------------------------------------------------
                                     30 ; ram data
                                     31 ;--------------------------------------------------------
                                     32 	.area INITIALIZED
                                     33 ;--------------------------------------------------------
                                     34 ; Stack segment in internal ram
                                     35 ;--------------------------------------------------------
                                     36 	.area SSEG
      000000                         37 __start__stack:
      000000                         38 	.ds	1
                                     39 
                                     40 ;--------------------------------------------------------
                                     41 ; absolute external ram data
                                     42 ;--------------------------------------------------------
                                     43 	.area DABS (ABS)
                                     44 
                                     45 ; default segment ordering for linker
                                     46 	.area HOME
                                     47 	.area GSINIT
                                     48 	.area GSFINAL
                                     49 	.area CONST
                                     50 	.area INITIALIZER
                                     51 	.area CODE
                                     52 
                                     53 ;--------------------------------------------------------
                                     54 ; interrupt vector
                                     55 ;--------------------------------------------------------
                                     56 	.area HOME
      000000                         57 __interrupt_vect:
      000000 82v00u00u00             58 	int s_GSINIT ; reset
      000004 82v00u00u00             59 	int _TRAP_IRQHandler ; trap
      000008 82v00u00u00             60 	int _TLI_IRQHandler ; int0
      00000C 82v00u00u00             61 	int _AWU_IRQHandler ; int1
      000010 82v00u00u00             62 	int _CLK_IRQHandler ; int2
      000014 82v00u00u00             63 	int _EXTI_PORTA_IRQHandler ; int3
      000018 82v00u00u00             64 	int _EXTI_PORTB_IRQHandler ; int4
      00001C 82v00u00u00             65 	int _EXTI_PORTC_IRQHandler ; int5
      000020 82v00u00u00             66 	int _EXTI_PORTD_IRQHandler ; int6
      000024 82v00u00u00             67 	int _EXTI_PORTE_IRQHandler ; int7
      000028 82v00u00u00             68 	int _CAN_RX_IRQHandler ; int8
      00002C 82v00u00u00             69 	int _CAN_TX_IRQHandler ; int9
      000030 82v00u00u00             70 	int _SPI_IRQHandler ; int10
      000034 82v00u00u00             71 	int _TIM1_UPD_OVF_TRG_BRK_IRQHandler ; int11
      000038 82v00u00u00             72 	int _TIM1_CAP_COM_IRQHandler ; int12
      00003C 82v00u00u00             73 	int _TIM2_UPD_OVF_BRK_IRQHandler ; int13
      000040 82v00u00u00             74 	int _TIM2_CAP_COM_IRQHandler ; int14
      000044 82v00u00u00             75 	int _TIM3_UPD_OVF_BRK_IRQHandler ; int15
      000048 82v00u00u00             76 	int _TIM3_CAP_COM_IRQHandler ; int16
      00004C 82v00u00u00             77 	int _UART1_TX_IRQHandler ; int17
      000050 82v00u00u00             78 	int _UART1_RX_IRQHandler ; int18
      000054 82v00u00u00             79 	int _I2C_IRQHandler ; int19
      000058 82v00u00u00             80 	int _UART3_TX_IRQHandler ; int20
      00005C 82v00u00u00             81 	int _UART3_RX_IRQHandler ; int21
      000060 82v00u00u00             82 	int _ADC2_IRQHandler ; int22
      000064 82v00u00u00             83 	int _TIM4_UPD_OVF_IRQHandler ; int23
      000068 82v00u00u00             84 	int _EEPROM_EEC_IRQHandler ; int24
                                     85 ;--------------------------------------------------------
                                     86 ; global & static initialisations
                                     87 ;--------------------------------------------------------
                                     88 	.area HOME
                                     89 	.area GSINIT
                                     90 	.area GSFINAL
                                     91 	.area GSINIT
      000000 CDr00r00         [ 4]   92 	call	___sdcc_external_startup
      000003 4D               [ 1]   93 	tnz	a
      000004 27 03            [ 1]   94 	jreq	__sdcc_init_data
      000006 CCr00r6C         [ 2]   95 	jp	__sdcc_program_startup
      000009                         96 __sdcc_init_data:
                                     97 ; stm8_genXINIT() start
      000009 AEr00r00         [ 2]   98 	ldw x, #l_DATA
      00000C 27 07            [ 1]   99 	jreq	00002$
      00000E                        100 00001$:
      00000E 72 4FuFFuFF      [ 1]  101 	clr (s_DATA - 1, x)
      000012 5A               [ 2]  102 	decw x
      000013 26 F9            [ 1]  103 	jrne	00001$
      000015                        104 00002$:
      000015 AEr00r00         [ 2]  105 	ldw	x, #l_INITIALIZER
      000018 27 09            [ 1]  106 	jreq	00004$
      00001A                        107 00003$:
      00001A D6uFFuFF         [ 1]  108 	ld	a, (s_INITIALIZER - 1, x)
      00001D D7uFFuFF         [ 1]  109 	ld	(s_INITIALIZED - 1, x), a
      000020 5A               [ 2]  110 	decw	x
      000021 26 F7            [ 1]  111 	jrne	00003$
      000023                        112 00004$:
                                    113 ; stm8_genXINIT() end
                                    114 	.area GSFINAL
      000000 CCr00r6C         [ 2]  115 	jp	__sdcc_program_startup
                                    116 ;--------------------------------------------------------
                                    117 ; Home
                                    118 ;--------------------------------------------------------
                                    119 	.area HOME
                                    120 	.area HOME
      00006C                        121 __sdcc_program_startup:
      00006C CCr00rFF         [ 2]  122 	jp	_main
                                    123 ;	return from main will return to caller
                                    124 ;--------------------------------------------------------
                                    125 ; code
                                    126 ;--------------------------------------------------------
                                    127 	.area CODE
                                    128 ;	src/main.c: 32: static void seg7_show(uint8_t digit, bool blank)
                                    129 ; genLabel
                                    130 ;	-----------------------------------------
                                    131 ;	 function seg7_show
                                    132 ;	-----------------------------------------
                                    133 ;	Register assignment might be sub-optimal.
                                    134 ;	Stack space usage: 2 bytes.
      000000                        135 _seg7_show:
      000000 89               [ 2]  136 	pushw	x
                                    137 ; genReceive
                                    138 ;	src/main.c: 34: uint8_t p    = blank ? 0 : SEG7[digit % 10];
                                    139 ; genIfx
      000001 0D 05            [ 1]  140 	tnz	(0x05, sp)
      000003 26 03            [ 1]  141 	jrne	00177$
      000005 CCr00r0C         [ 2]  142 	jp	00119$
      000008                        143 00177$:
                                    144 ; genAssign
      000008 4F               [ 1]  145 	clr	a
                                    146 ; genGoto
      000009 CCr00r19         [ 2]  147 	jp	00120$
                                    148 ; genLabel
      00000C                        149 00119$:
                                    150 ; skipping iCode since result will be rematerialized
                                    151 ; genCast
                                    152 ; genAssign
      00000C 5F               [ 1]  153 	clrw	x
                                    154 ; genIPush
      00000D 4B 0A            [ 1]  155 	push	#0x0a
      00000F 4B 00            [ 1]  156 	push	#0x00
                                    157 ; genSend
      000011 97               [ 1]  158 	ld	xl, a
                                    159 ; genCall
      000012 CDr00r00         [ 4]  160 	call	__modsint
                                    161 ; genPlus
      000015 1Cr00r00         [ 2]  162 	addw	x, #(_SEG7+0)
                                    163 ; genPointerGet
      000018 F6               [ 1]  164 	ld	a, (x)
                                    165 ; genCast
                                    166 ; genAssign
                                    167 ; genCast
                                    168 ; genAssign
                                    169 ; genLabel
      000019                        170 00120$:
                                    171 ; genCast
                                    172 ; genAssign
                                    173 ; genCast
                                    174 ; genAssign
      000019 6B 01            [ 1]  175 	ld	(0x01, sp), a
                                    176 ;	src/main.c: 36: uint8_t val  = 0;
                                    177 ; genAssign
      00001B 5F               [ 1]  178 	clrw	x
                                    179 ;	src/main.c: 38: if (p & 0x01) val |= SEG_A;
                                    180 ; genAnd
      00001C 7B 01            [ 1]  181 	ld	a, (0x01, sp)
      00001E 44               [ 1]  182 	srl	a
      00001F 25 03            [ 1]  183 	jrc	00178$
      000021 CCr00r27         [ 2]  184 	jp	00102$
      000024                        185 00178$:
                                    186 ; skipping generated iCode
                                    187 ; genAssign
      000024 A6 08            [ 1]  188 	ld	a, #0x08
      000026 95               [ 1]  189 	ld	xh, a
                                    190 ; genLabel
      000027                        191 00102$:
                                    192 ;	src/main.c: 39: if (p & 0x02) val |= SEG_B;
                                    193 ; genAnd
      000027 7B 01            [ 1]  194 	ld	a, (0x01, sp)
      000029 A5 02            [ 1]  195 	bcp	a, #0x02
      00002B 26 03            [ 1]  196 	jrne	00179$
      00002D CCr00r34         [ 2]  197 	jp	00104$
      000030                        198 00179$:
                                    199 ; skipping generated iCode
                                    200 ; genOr
      000030 9E               [ 1]  201 	ld	a, xh
      000031 AA 10            [ 1]  202 	or	a, #0x10
      000033 95               [ 1]  203 	ld	xh, a
                                    204 ; genLabel
      000034                        205 00104$:
                                    206 ;	src/main.c: 40: if (p & 0x04) val |= SEG_C;
                                    207 ; genAnd
      000034 7B 01            [ 1]  208 	ld	a, (0x01, sp)
      000036 A5 04            [ 1]  209 	bcp	a, #0x04
      000038 26 03            [ 1]  210 	jrne	00180$
      00003A CCr00r41         [ 2]  211 	jp	00106$
      00003D                        212 00180$:
                                    213 ; skipping generated iCode
                                    214 ; genOr
      00003D 9E               [ 1]  215 	ld	a, xh
      00003E AA 20            [ 1]  216 	or	a, #0x20
      000040 95               [ 1]  217 	ld	xh, a
                                    218 ; genLabel
      000041                        219 00106$:
                                    220 ;	src/main.c: 41: if (p & 0x08) val |= SEG_D;
                                    221 ; genAnd
      000041 7B 01            [ 1]  222 	ld	a, (0x01, sp)
      000043 A5 08            [ 1]  223 	bcp	a, #0x08
      000045 26 03            [ 1]  224 	jrne	00181$
      000047 CCr00r4E         [ 2]  225 	jp	00108$
      00004A                        226 00181$:
                                    227 ; skipping generated iCode
                                    228 ; genOr
      00004A 9E               [ 1]  229 	ld	a, xh
      00004B AA 40            [ 1]  230 	or	a, #0x40
      00004D 95               [ 1]  231 	ld	xh, a
                                    232 ; genLabel
      00004E                        233 00108$:
                                    234 ;	src/main.c: 42: if (p & 0x10) val |= SEG_E;
                                    235 ; genAnd
      00004E 7B 01            [ 1]  236 	ld	a, (0x01, sp)
      000050 A5 10            [ 1]  237 	bcp	a, #0x10
      000052 26 03            [ 1]  238 	jrne	00182$
      000054 CCr00r5A         [ 2]  239 	jp	00110$
      000057                        240 00182$:
                                    241 ; skipping generated iCode
                                    242 ; genOr
      000057 58               [ 2]  243 	sllw	x
      000058 99               [ 1]  244 	scf
      000059 56               [ 2]  245 	rrcw	x
                                    246 ; genLabel
      00005A                        247 00110$:
                                    248 ;	src/main.c: 44: GPIO_Write(SEG_PORT_C, (GPIO_ReadOutputData(SEG_PORT_C) & ~mask) | val);
                                    249 ; genSend
      00005A 89               [ 2]  250 	pushw	x
      00005B AE 50 0A         [ 2]  251 	ldw	x, #0x500a
                                    252 ; genCall
      00005E CDr00r00         [ 4]  253 	call	_GPIO_ReadOutputData
      000061 6B 04            [ 1]  254 	ld	(0x04, sp), a
      000063 02               [ 1]  255 	rlwa	x
      000064 84               [ 1]  256 	pop	a
      000065 01               [ 1]  257 	rrwa	x
      000066 5B 01            [ 2]  258 	addw	sp, #1
                                    259 ; genCpl
      000068 A6 FF            [ 1]  260 	ld	a, #0xff
      00006A A8 F8            [ 1]  261 	xor	a, #0xf8
                                    262 ; genAnd
      00006C 14 02            [ 1]  263 	and	a, (0x02, sp)
                                    264 ; genOr
      00006E 89               [ 2]  265 	pushw	x
      00006F 1A 01            [ 1]  266 	or	a, (1, sp)
      000071 85               [ 2]  267 	popw	x
                                    268 ; genSend
                                    269 ; genSend
      000072 AE 50 0A         [ 2]  270 	ldw	x, #0x500a
                                    271 ; genCall
      000075 CDr00r00         [ 4]  272 	call	_GPIO_Write
                                    273 ;	src/main.c: 46: if (p & 0x20) GPIO_WriteHigh(SEG_PORT_A, SEG_F);
                                    274 ; genAnd
      000078 7B 01            [ 1]  275 	ld	a, (0x01, sp)
      00007A A5 20            [ 1]  276 	bcp	a, #0x20
      00007C 26 03            [ 1]  277 	jrne	00183$
      00007E CCr00r8C         [ 2]  278 	jp	00112$
      000081                        279 00183$:
                                    280 ; skipping generated iCode
                                    281 ; genSend
      000081 A6 02            [ 1]  282 	ld	a, #0x02
                                    283 ; genSend
      000083 AE 50 00         [ 2]  284 	ldw	x, #0x5000
                                    285 ; genCall
      000086 CDr00r00         [ 4]  286 	call	_GPIO_WriteHigh
                                    287 ; genGoto
      000089 CCr00r94         [ 2]  288 	jp	00113$
                                    289 ; genLabel
      00008C                        290 00112$:
                                    291 ;	src/main.c: 47: else          GPIO_WriteLow(SEG_PORT_A, SEG_F);
                                    292 ; genSend
      00008C A6 02            [ 1]  293 	ld	a, #0x02
                                    294 ; genSend
      00008E AE 50 00         [ 2]  295 	ldw	x, #0x5000
                                    296 ; genCall
      000091 CDr00r00         [ 4]  297 	call	_GPIO_WriteLow
                                    298 ; genLabel
      000094                        299 00113$:
                                    300 ;	src/main.c: 49: if (p & 0x40) GPIO_WriteHigh(SEG_PORT_A, SEG_G);
                                    301 ; genAnd
      000094 7B 01            [ 1]  302 	ld	a, (0x01, sp)
      000096 A5 40            [ 1]  303 	bcp	a, #0x40
      000098 26 03            [ 1]  304 	jrne	00184$
      00009A CCr00rA8         [ 2]  305 	jp	00115$
      00009D                        306 00184$:
                                    307 ; skipping generated iCode
                                    308 ; genSend
      00009D A6 04            [ 1]  309 	ld	a, #0x04
                                    310 ; genSend
      00009F AE 50 00         [ 2]  311 	ldw	x, #0x5000
                                    312 ; genCall
      0000A2 CDr00r00         [ 4]  313 	call	_GPIO_WriteHigh
                                    314 ; genGoto
      0000A5 CCr00rB0         [ 2]  315 	jp	00117$
                                    316 ; genLabel
      0000A8                        317 00115$:
                                    318 ;	src/main.c: 50: else          GPIO_WriteLow(SEG_PORT_A, SEG_G);
                                    319 ; genSend
      0000A8 A6 04            [ 1]  320 	ld	a, #0x04
                                    321 ; genSend
      0000AA AE 50 00         [ 2]  322 	ldw	x, #0x5000
                                    323 ; genCall
      0000AD CDr00r00         [ 4]  324 	call	_GPIO_WriteLow
                                    325 ; genLabel
      0000B0                        326 00117$:
                                    327 ;	src/main.c: 51: }
                                    328 ; genEndFunction
      0000B0 85               [ 2]  329 	popw	x
      0000B1 85               [ 2]  330 	popw	x
      0000B2 84               [ 1]  331 	pop	a
      0000B3 FC               [ 2]  332 	jp	(x)
                                    333 ;	src/main.c: 53: static void hw_init(void)
                                    334 ; genLabel
                                    335 ;	-----------------------------------------
                                    336 ;	 function hw_init
                                    337 ;	-----------------------------------------
                                    338 ;	Register assignment is optimal.
                                    339 ;	Stack space usage: 0 bytes.
      0000B4                        340 _hw_init:
                                    341 ;	src/main.c: 55: CLK_HSIPrescalerConfig(CLK_PRESCALER_HSIDIV1);
                                    342 ; genSend
      0000B4 4F               [ 1]  343 	clr	a
                                    344 ; genCall
      0000B5 CDr00r00         [ 4]  345 	call	_CLK_HSIPrescalerConfig
                                    346 ;	src/main.c: 56: init_milis();
                                    347 ; genCall
      0000B8 CDr00r00         [ 4]  348 	call	_init_milis
                                    349 ;	src/main.c: 57: init_uart1(115200);
                                    350 ; genIPush
      0000BB 4B 00            [ 1]  351 	push	#0x00
      0000BD 4B C2            [ 1]  352 	push	#0xc2
      0000BF 4B 01            [ 1]  353 	push	#0x01
      0000C1 4B 00            [ 1]  354 	push	#0x00
                                    355 ; genCall
      0000C3 CDr00r00         [ 4]  356 	call	_init_uart1
                                    357 ;	src/main.c: 59: GPIO_Init(LED_PORT, LED_PIN, GPIO_MODE_OUT_PP_LOW_SLOW);
                                    358 ; genIPush
      0000C6 4B C0            [ 1]  359 	push	#0xc0
                                    360 ; genSend
      0000C8 A6 20            [ 1]  361 	ld	a, #0x20
                                    362 ; genSend
      0000CA AE 50 05         [ 2]  363 	ldw	x, #0x5005
                                    364 ; genCall
      0000CD CDr00r00         [ 4]  365 	call	_GPIO_Init
                                    366 ;	src/main.c: 60: GPIO_Init(SEG_PORT_C, (GPIO_Pin_TypeDef)(SEG_A|SEG_B|SEG_C|SEG_D|SEG_E), GPIO_MODE_OUT_PP_LOW_SLOW);
                                    367 ; genIPush
      0000D0 4B C0            [ 1]  368 	push	#0xc0
                                    369 ; genSend
      0000D2 A6 F8            [ 1]  370 	ld	a, #0xf8
                                    371 ; genSend
      0000D4 AE 50 0A         [ 2]  372 	ldw	x, #0x500a
                                    373 ; genCall
      0000D7 CDr00r00         [ 4]  374 	call	_GPIO_Init
                                    375 ;	src/main.c: 61: GPIO_Init(SEG_PORT_A, (GPIO_Pin_TypeDef)(SEG_F|SEG_G), GPIO_MODE_OUT_PP_LOW_SLOW);
                                    376 ; genIPush
      0000DA 4B C0            [ 1]  377 	push	#0xc0
                                    378 ; genSend
      0000DC A6 06            [ 1]  379 	ld	a, #0x06
                                    380 ; genSend
      0000DE AE 50 00         [ 2]  381 	ldw	x, #0x5000
                                    382 ; genCall
      0000E1 CDr00r00         [ 4]  383 	call	_GPIO_Init
                                    384 ;	src/main.c: 62: GPIO_Init(BTN_START_PORT, BTN_START_PIN, GPIO_MODE_IN_PU_NO_IT);
                                    385 ; genIPush
      0000E4 4B 40            [ 1]  386 	push	#0x40
                                    387 ; genSend
      0000E6 A6 10            [ 1]  388 	ld	a, #0x10
                                    389 ; genSend
      0000E8 AE 50 05         [ 2]  390 	ldw	x, #0x5005
                                    391 ; genCall
      0000EB CDr00r00         [ 4]  392 	call	_GPIO_Init
                                    393 ;	src/main.c: 63: GPIO_Init(BTN_LAP_PORT,   BTN_LAP_PIN,  GPIO_MODE_IN_PU_NO_IT);
                                    394 ; genIPush
      0000EE 4B 40            [ 1]  395 	push	#0x40
                                    396 ; genSend
      0000F0 A6 80            [ 1]  397 	ld	a, #0x80
                                    398 ; genSend
      0000F2 AE 50 05         [ 2]  399 	ldw	x, #0x5005
                                    400 ; genCall
      0000F5 CDr00r00         [ 4]  401 	call	_GPIO_Init
                                    402 ;	src/main.c: 65: seg7_show(0, false);
                                    403 ; genIPush
      0000F8 4B 00            [ 1]  404 	push	#0x00
                                    405 ; genSend
      0000FA 4F               [ 1]  406 	clr	a
                                    407 ; genCall
      0000FB CDr00r00         [ 4]  408 	call	_seg7_show
                                    409 ; genLabel
      0000FE                        410 00101$:
                                    411 ;	src/main.c: 66: }
                                    412 ; genEndFunction
      0000FE 81               [ 4]  413 	ret
                                    414 ;	src/main.c: 68: int main(void)
                                    415 ; genLabel
                                    416 ;	-----------------------------------------
                                    417 ;	 function main
                                    418 ;	-----------------------------------------
                                    419 ;	Register assignment might be sub-optimal.
                                    420 ;	Stack space usage: 93 bytes.
      0000FF                        421 _main:
      0000FF 52 5D            [ 2]  422 	sub	sp, #93
                                    423 ;	src/main.c: 70: hw_init();
                                    424 ; genCall
      000101 CDr00rB4         [ 4]  425 	call	_hw_init
                                    426 ;	src/main.c: 72: bool     running    = false;
                                    427 ; genAssign
      000104 0F 2D            [ 1]  428 	clr	(0x2d, sp)
                                    429 ;	src/main.c: 73: uint32_t start_tick = 0;
                                    430 ; genAssign
      000106 5F               [ 1]  431 	clrw	x
      000107 1F 30            [ 2]  432 	ldw	(0x30, sp), x
      000109 1F 2E            [ 2]  433 	ldw	(0x2e, sp), x
                                    434 ;	src/main.c: 74: uint32_t elapsed    = 0;
                                    435 ; genAssign
      00010B 5F               [ 1]  436 	clrw	x
      00010C 1F 34            [ 2]  437 	ldw	(0x34, sp), x
      00010E 1F 32            [ 2]  438 	ldw	(0x32, sp), x
                                    439 ;	src/main.c: 75: uint32_t lap        = 0;
                                    440 ; genAssign
      000110 5F               [ 1]  441 	clrw	x
      000111 1F 38            [ 2]  442 	ldw	(0x38, sp), x
      000113 1F 36            [ 2]  443 	ldw	(0x36, sp), x
                                    444 ;	src/main.c: 76: bool     lap_active = false;
                                    445 ; genAssign
      000115 0F 3A            [ 1]  446 	clr	(0x3a, sp)
                                    447 ;	src/main.c: 77: uint32_t lap_end    = 0;
                                    448 ; genAssign
      000117 5F               [ 1]  449 	clrw	x
      000118 1F 3D            [ 2]  450 	ldw	(0x3d, sp), x
      00011A 1F 3B            [ 2]  451 	ldw	(0x3b, sp), x
                                    452 ;	src/main.c: 79: uint32_t led_tick   = 0;
                                    453 ; genAssign
      00011C 5F               [ 1]  454 	clrw	x
      00011D 1F 41            [ 2]  455 	ldw	(0x41, sp), x
      00011F 1F 3F            [ 2]  456 	ldw	(0x3f, sp), x
                                    457 ;	src/main.c: 80: uint32_t uart_tick  = 0;
                                    458 ; genAssign
      000121 5F               [ 1]  459 	clrw	x
      000122 1F 45            [ 2]  460 	ldw	(0x45, sp), x
      000124 1F 43            [ 2]  461 	ldw	(0x43, sp), x
                                    462 ;	src/main.c: 81: uint32_t blink_tick = 0;
                                    463 ; genAssign
      000126 5F               [ 1]  464 	clrw	x
      000127 1F 49            [ 2]  465 	ldw	(0x49, sp), x
      000129 1F 47            [ 2]  466 	ldw	(0x47, sp), x
                                    467 ;	src/main.c: 82: bool     blink_on   = true;
                                    468 ; genAssign
      00012B A6 01            [ 1]  469 	ld	a, #0x01
      00012D 6B 5D            [ 1]  470 	ld	(0x5d, sp), a
                                    471 ;	src/main.c: 84: bool     btn_s_prev = false,  btn_l_prev = false;
                                    472 ; genAssign
      00012F 0F 4B            [ 1]  473 	clr	(0x4b, sp)
                                    474 ; genAssign
      000131 0F 4C            [ 1]  475 	clr	(0x4c, sp)
                                    476 ;	src/main.c: 85: uint32_t btn_s_t    = 0,      btn_l_t    = 0;
                                    477 ; genAssign
      000133 5F               [ 1]  478 	clrw	x
      000134 1F 4F            [ 2]  479 	ldw	(0x4f, sp), x
      000136 1F 4D            [ 2]  480 	ldw	(0x4d, sp), x
                                    481 ; genAssign
      000138 5F               [ 1]  482 	clrw	x
      000139 1F 53            [ 2]  483 	ldw	(0x53, sp), x
      00013B 1F 51            [ 2]  484 	ldw	(0x51, sp), x
                                    485 ;	src/main.c: 88: while (1) {
                                    486 ; genLabel
      00013D                        487 00134$:
                                    488 ;	src/main.c: 89: uint32_t now = milis();
                                    489 ; genCall
      00013D CDr00r00         [ 4]  490 	call	_milis
      000140 1F 57            [ 2]  491 	ldw	(0x57, sp), x
      000142 17 55            [ 2]  492 	ldw	(0x55, sp), y
                                    493 ;	src/main.c: 91: bool s = (GPIO_ReadInputPin(BTN_START_PORT, BTN_START_PIN) == RESET);
                                    494 ; genSend
      000144 A6 10            [ 1]  495 	ld	a, #0x10
                                    496 ; genSend
      000146 AE 50 05         [ 2]  497 	ldw	x, #0x5005
                                    498 ; genCall
      000149 CDr00r00         [ 4]  499 	call	_GPIO_ReadInputPin
                                    500 ; genNot
      00014C A8 01            [ 1]  501 	xor	a, #0x01
      00014E 6B 59            [ 1]  502 	ld	(0x59, sp), a
                                    503 ;	src/main.c: 92: bool l = (GPIO_ReadInputPin(BTN_LAP_PORT,   BTN_LAP_PIN)   == RESET);
                                    504 ; genSend
      000150 A6 80            [ 1]  505 	ld	a, #0x80
                                    506 ; genSend
      000152 AE 50 05         [ 2]  507 	ldw	x, #0x5005
                                    508 ; genCall
      000155 CDr00r00         [ 4]  509 	call	_GPIO_ReadInputPin
                                    510 ; genNot
      000158 A8 01            [ 1]  511 	xor	a, #0x01
      00015A 6B 5A            [ 1]  512 	ld	(0x5a, sp), a
                                    513 ;	src/main.c: 94: bool s_edge = s && !btn_s_prev && (now - btn_s_t > 20);
                                    514 ; genIfx
      00015C 0D 59            [ 1]  515 	tnz	(0x59, sp)
      00015E 26 03            [ 1]  516 	jrne	00297$
      000160 CCr01r8D         [ 2]  517 	jp	00138$
      000163                        518 00297$:
                                    519 ; genIfx
      000163 0D 4B            [ 1]  520 	tnz	(0x4b, sp)
      000165 27 03            [ 1]  521 	jreq	00298$
      000167 CCr01r8D         [ 2]  522 	jp	00138$
      00016A                        523 00298$:
                                    524 ; genMinus
      00016A 1E 57            [ 2]  525 	ldw	x, (0x57, sp)
      00016C 72 F0 4F         [ 2]  526 	subw	x, (0x4f, sp)
      00016F 1F 03            [ 2]  527 	ldw	(0x03, sp), x
      000171 7B 56            [ 1]  528 	ld	a, (0x56, sp)
      000173 12 4E            [ 1]  529 	sbc	a, (0x4e, sp)
      000175 6B 02            [ 1]  530 	ld	(0x02, sp), a
      000177 7B 55            [ 1]  531 	ld	a, (0x55, sp)
      000179 12 4D            [ 1]  532 	sbc	a, (0x4d, sp)
      00017B 6B 01            [ 1]  533 	ld	(0x01, sp), a
                                    534 ; genCmp
                                    535 ; genCmpTnz
      00017D AE 00 14         [ 2]  536 	ldw	x, #0x0014
      000180 13 03            [ 2]  537 	cpw	x, (0x03, sp)
      000182 4F               [ 1]  538 	clr	a
      000183 12 02            [ 1]  539 	sbc	a, (0x02, sp)
      000185 4F               [ 1]  540 	clr	a
      000186 12 01            [ 1]  541 	sbc	a, (0x01, sp)
      000188 24 03            [ 1]  542 	jrnc	00299$
      00018A CCr01r91         [ 2]  543 	jp	00139$
      00018D                        544 00299$:
                                    545 ; skipping generated iCode
                                    546 ; genLabel
      00018D                        547 00138$:
                                    548 ; genAssign
      00018D 4F               [ 1]  549 	clr	a
                                    550 ; genGoto
      00018E CCr01r93         [ 2]  551 	jp	00140$
                                    552 ; genLabel
      000191                        553 00139$:
                                    554 ; genAssign
      000191 A6 01            [ 1]  555 	ld	a, #0x01
                                    556 ; genLabel
      000193                        557 00140$:
                                    558 ; genAssign
      000193 6B 5B            [ 1]  559 	ld	(0x5b, sp), a
                                    560 ;	src/main.c: 95: bool l_edge = l && !btn_l_prev && (now - btn_l_t > 20);
                                    561 ; genIfx
      000195 0D 5A            [ 1]  562 	tnz	(0x5a, sp)
      000197 26 03            [ 1]  563 	jrne	00300$
      000199 CCr01rC6         [ 2]  564 	jp	00144$
      00019C                        565 00300$:
                                    566 ; genIfx
      00019C 0D 4C            [ 1]  567 	tnz	(0x4c, sp)
      00019E 27 03            [ 1]  568 	jreq	00301$
      0001A0 CCr01rC6         [ 2]  569 	jp	00144$
      0001A3                        570 00301$:
                                    571 ; genMinus
      0001A3 1E 57            [ 2]  572 	ldw	x, (0x57, sp)
      0001A5 72 F0 53         [ 2]  573 	subw	x, (0x53, sp)
      0001A8 1F 03            [ 2]  574 	ldw	(0x03, sp), x
      0001AA 7B 56            [ 1]  575 	ld	a, (0x56, sp)
      0001AC 12 52            [ 1]  576 	sbc	a, (0x52, sp)
      0001AE 6B 02            [ 1]  577 	ld	(0x02, sp), a
      0001B0 7B 55            [ 1]  578 	ld	a, (0x55, sp)
      0001B2 12 51            [ 1]  579 	sbc	a, (0x51, sp)
      0001B4 6B 01            [ 1]  580 	ld	(0x01, sp), a
                                    581 ; genCmp
                                    582 ; genCmpTnz
      0001B6 AE 00 14         [ 2]  583 	ldw	x, #0x0014
      0001B9 13 03            [ 2]  584 	cpw	x, (0x03, sp)
      0001BB 4F               [ 1]  585 	clr	a
      0001BC 12 02            [ 1]  586 	sbc	a, (0x02, sp)
      0001BE 4F               [ 1]  587 	clr	a
      0001BF 12 01            [ 1]  588 	sbc	a, (0x01, sp)
      0001C1 24 03            [ 1]  589 	jrnc	00302$
      0001C3 CCr01rCA         [ 2]  590 	jp	00145$
      0001C6                        591 00302$:
                                    592 ; skipping generated iCode
                                    593 ; genLabel
      0001C6                        594 00144$:
                                    595 ; genAssign
      0001C6 4F               [ 1]  596 	clr	a
                                    597 ; genGoto
      0001C7 CCr01rCC         [ 2]  598 	jp	00146$
                                    599 ; genLabel
      0001CA                        600 00145$:
                                    601 ; genAssign
      0001CA A6 01            [ 1]  602 	ld	a, #0x01
                                    603 ; genLabel
      0001CC                        604 00146$:
                                    605 ; genAssign
      0001CC 6B 5C            [ 1]  606 	ld	(0x5c, sp), a
                                    607 ;	src/main.c: 97: if (!s) btn_s_prev = false;
                                    608 ; genIfx
      0001CE 0D 59            [ 1]  609 	tnz	(0x59, sp)
      0001D0 27 03            [ 1]  610 	jreq	00303$
      0001D2 CCr01rDA         [ 2]  611 	jp	00104$
      0001D5                        612 00303$:
                                    613 ; genAssign
      0001D5 0F 4B            [ 1]  614 	clr	(0x4b, sp)
                                    615 ; genGoto
      0001D7 CCr01rED         [ 2]  616 	jp	00105$
                                    617 ; genLabel
      0001DA                        618 00104$:
                                    619 ;	src/main.c: 98: else if (s_edge) { btn_s_prev = true; btn_s_t = now; }
                                    620 ; genIfx
      0001DA 0D 5B            [ 1]  621 	tnz	(0x5b, sp)
      0001DC 26 03            [ 1]  622 	jrne	00304$
      0001DE CCr01rED         [ 2]  623 	jp	00105$
      0001E1                        624 00304$:
                                    625 ; genAssign
      0001E1 A6 01            [ 1]  626 	ld	a, #0x01
      0001E3 6B 4B            [ 1]  627 	ld	(0x4b, sp), a
                                    628 ; genAssign
      0001E5 16 57            [ 2]  629 	ldw	y, (0x57, sp)
      0001E7 17 4F            [ 2]  630 	ldw	(0x4f, sp), y
      0001E9 16 55            [ 2]  631 	ldw	y, (0x55, sp)
      0001EB 17 4D            [ 2]  632 	ldw	(0x4d, sp), y
                                    633 ; genLabel
      0001ED                        634 00105$:
                                    635 ;	src/main.c: 100: if (!l) btn_l_prev = false;
                                    636 ; genIfx
      0001ED 0D 5A            [ 1]  637 	tnz	(0x5a, sp)
      0001EF 27 03            [ 1]  638 	jreq	00305$
      0001F1 CCr01rF9         [ 2]  639 	jp	00109$
      0001F4                        640 00305$:
                                    641 ; genAssign
      0001F4 0F 4C            [ 1]  642 	clr	(0x4c, sp)
                                    643 ; genGoto
      0001F6 CCr02r0C         [ 2]  644 	jp	00110$
                                    645 ; genLabel
      0001F9                        646 00109$:
                                    647 ;	src/main.c: 101: else if (l_edge) { btn_l_prev = true; btn_l_t = now; }
                                    648 ; genIfx
      0001F9 0D 5C            [ 1]  649 	tnz	(0x5c, sp)
      0001FB 26 03            [ 1]  650 	jrne	00306$
      0001FD CCr02r0C         [ 2]  651 	jp	00110$
      000200                        652 00306$:
                                    653 ; genAssign
      000200 A6 01            [ 1]  654 	ld	a, #0x01
      000202 6B 4C            [ 1]  655 	ld	(0x4c, sp), a
                                    656 ; genAssign
      000204 16 57            [ 2]  657 	ldw	y, (0x57, sp)
      000206 17 53            [ 2]  658 	ldw	(0x53, sp), y
      000208 16 55            [ 2]  659 	ldw	y, (0x55, sp)
      00020A 17 51            [ 2]  660 	ldw	(0x51, sp), y
                                    661 ; genLabel
      00020C                        662 00110$:
                                    663 ;	src/main.c: 103: if (s_edge) {
                                    664 ; genIfx
      00020C 0D 5B            [ 1]  665 	tnz	(0x5b, sp)
      00020E 26 03            [ 1]  666 	jrne	00307$
      000210 CCr02r55         [ 2]  667 	jp	00115$
      000213                        668 00307$:
                                    669 ;	src/main.c: 104: if (!running) {
                                    670 ; genIfx
      000213 0D 2D            [ 1]  671 	tnz	(0x2d, sp)
      000215 27 03            [ 1]  672 	jreq	00308$
      000217 CCr02r34         [ 2]  673 	jp	00112$
      00021A                        674 00308$:
                                    675 ;	src/main.c: 105: start_tick = now - elapsed;
                                    676 ; genMinus
      00021A 1E 57            [ 2]  677 	ldw	x, (0x57, sp)
      00021C 72 F0 34         [ 2]  678 	subw	x, (0x34, sp)
      00021F 1F 30            [ 2]  679 	ldw	(0x30, sp), x
      000221 7B 56            [ 1]  680 	ld	a, (0x56, sp)
      000223 12 33            [ 1]  681 	sbc	a, (0x33, sp)
      000225 6B 2F            [ 1]  682 	ld	(0x2f, sp), a
      000227 7B 55            [ 1]  683 	ld	a, (0x55, sp)
      000229 12 32            [ 1]  684 	sbc	a, (0x32, sp)
      00022B 6B 2E            [ 1]  685 	ld	(0x2e, sp), a
                                    686 ;	src/main.c: 106: running    = true;
                                    687 ; genAssign
      00022D A6 01            [ 1]  688 	ld	a, #0x01
      00022F 6B 2D            [ 1]  689 	ld	(0x2d, sp), a
                                    690 ; genGoto
      000231 CCr02r55         [ 2]  691 	jp	00115$
                                    692 ; genLabel
      000234                        693 00112$:
                                    694 ;	src/main.c: 108: elapsed    = now - start_tick;
                                    695 ; genMinus
      000234 1E 57            [ 2]  696 	ldw	x, (0x57, sp)
      000236 72 F0 30         [ 2]  697 	subw	x, (0x30, sp)
      000239 1F 34            [ 2]  698 	ldw	(0x34, sp), x
      00023B 7B 56            [ 1]  699 	ld	a, (0x56, sp)
      00023D 12 2F            [ 1]  700 	sbc	a, (0x2f, sp)
      00023F 6B 33            [ 1]  701 	ld	(0x33, sp), a
      000241 7B 55            [ 1]  702 	ld	a, (0x55, sp)
      000243 12 2E            [ 1]  703 	sbc	a, (0x2e, sp)
      000245 6B 32            [ 1]  704 	ld	(0x32, sp), a
                                    705 ;	src/main.c: 109: running    = false;
                                    706 ; genAssign
      000247 0F 2D            [ 1]  707 	clr	(0x2d, sp)
                                    708 ;	src/main.c: 110: blink_tick = now;
                                    709 ; genAssign
      000249 16 57            [ 2]  710 	ldw	y, (0x57, sp)
      00024B 17 49            [ 2]  711 	ldw	(0x49, sp), y
      00024D 16 55            [ 2]  712 	ldw	y, (0x55, sp)
      00024F 17 47            [ 2]  713 	ldw	(0x47, sp), y
                                    714 ;	src/main.c: 111: blink_on   = true;
                                    715 ; genAssign
      000251 A6 01            [ 1]  716 	ld	a, #0x01
      000253 6B 5D            [ 1]  717 	ld	(0x5d, sp), a
                                    718 ; genLabel
      000255                        719 00115$:
                                    720 ;	src/main.c: 108: elapsed    = now - start_tick;
                                    721 ; genMinus
      000255 1E 57            [ 2]  722 	ldw	x, (0x57, sp)
      000257 72 F0 30         [ 2]  723 	subw	x, (0x30, sp)
      00025A 1F 03            [ 2]  724 	ldw	(0x03, sp), x
      00025C 7B 56            [ 1]  725 	ld	a, (0x56, sp)
      00025E 12 2F            [ 1]  726 	sbc	a, (0x2f, sp)
      000260 97               [ 1]  727 	ld	xl, a
      000261 7B 55            [ 1]  728 	ld	a, (0x55, sp)
      000263 12 2E            [ 1]  729 	sbc	a, (0x2e, sp)
      000265 95               [ 1]  730 	ld	xh, a
                                    731 ;	src/main.c: 115: if (l_edge && running) {
                                    732 ; genIfx
      000266 0D 5C            [ 1]  733 	tnz	(0x5c, sp)
      000268 26 03            [ 1]  734 	jrne	00309$
      00026A CCr02r92         [ 2]  735 	jp	00117$
      00026D                        736 00309$:
                                    737 ; genIfx
      00026D 0D 2D            [ 1]  738 	tnz	(0x2d, sp)
      00026F 26 03            [ 1]  739 	jrne	00310$
      000271 CCr02r92         [ 2]  740 	jp	00117$
      000274                        741 00310$:
                                    742 ;	src/main.c: 116: lap        = now - start_tick;
                                    743 ; genAssign
      000274 1F 36            [ 2]  744 	ldw	(0x36, sp), x
      000276 16 03            [ 2]  745 	ldw	y, (0x03, sp)
      000278 17 38            [ 2]  746 	ldw	(0x38, sp), y
                                    747 ;	src/main.c: 117: lap_active = true;
                                    748 ; genAssign
      00027A A6 01            [ 1]  749 	ld	a, #0x01
      00027C 6B 3A            [ 1]  750 	ld	(0x3a, sp), a
                                    751 ;	src/main.c: 118: lap_end    = now + 2000;
                                    752 ; genPlus
      00027E 16 57            [ 2]  753 	ldw	y, (0x57, sp)
      000280 72 A9 07 D0      [ 2]  754 	addw	y, #0x07d0
      000284 17 3D            [ 2]  755 	ldw	(0x3d, sp), y
      000286 7B 56            [ 1]  756 	ld	a, (0x56, sp)
      000288 A9 00            [ 1]  757 	adc	a, #0x00
      00028A 6B 3C            [ 1]  758 	ld	(0x3c, sp), a
      00028C 7B 55            [ 1]  759 	ld	a, (0x55, sp)
      00028E A9 00            [ 1]  760 	adc	a, #0x00
      000290 6B 3B            [ 1]  761 	ld	(0x3b, sp), a
                                    762 ; genLabel
      000292                        763 00117$:
                                    764 ;	src/main.c: 121: if (running) elapsed = now - start_tick;
                                    765 ; genIfx
      000292 0D 2D            [ 1]  766 	tnz	(0x2d, sp)
      000294 26 03            [ 1]  767 	jrne	00311$
      000296 CCr02r9F         [ 2]  768 	jp	00120$
      000299                        769 00311$:
                                    770 ; genAssign
      000299 1F 32            [ 2]  771 	ldw	(0x32, sp), x
      00029B 16 03            [ 2]  772 	ldw	y, (0x03, sp)
      00029D 17 34            [ 2]  773 	ldw	(0x34, sp), y
                                    774 ; genLabel
      00029F                        775 00120$:
                                    776 ;	src/main.c: 122: if (lap_active && now >= lap_end) lap_active = false;
                                    777 ; genIfx
      00029F 0D 3A            [ 1]  778 	tnz	(0x3a, sp)
      0002A1 26 03            [ 1]  779 	jrne	00312$
      0002A3 CCr02rB9         [ 2]  780 	jp	00122$
      0002A6                        781 00312$:
                                    782 ; genCmp
                                    783 ; genCmpTnz
      0002A6 1E 57            [ 2]  784 	ldw	x, (0x57, sp)
      0002A8 13 3D            [ 2]  785 	cpw	x, (0x3d, sp)
      0002AA 7B 56            [ 1]  786 	ld	a, (0x56, sp)
      0002AC 12 3C            [ 1]  787 	sbc	a, (0x3c, sp)
      0002AE 7B 55            [ 1]  788 	ld	a, (0x55, sp)
      0002B0 12 3B            [ 1]  789 	sbc	a, (0x3b, sp)
      0002B2 24 03            [ 1]  790 	jrnc	00313$
      0002B4 CCr02rB9         [ 2]  791 	jp	00122$
      0002B7                        792 00313$:
                                    793 ; skipping generated iCode
                                    794 ; genAssign
      0002B7 0F 3A            [ 1]  795 	clr	(0x3a, sp)
                                    796 ; genLabel
      0002B9                        797 00122$:
                                    798 ;	src/main.c: 124: uint32_t disp = lap_active ? lap : elapsed;
                                    799 ; genIfx
      0002B9 0D 3A            [ 1]  800 	tnz	(0x3a, sp)
      0002BB 26 03            [ 1]  801 	jrne	00314$
      0002BD CCr02rC9         [ 2]  802 	jp	00150$
      0002C0                        803 00314$:
                                    804 ; genAssign
      0002C0 16 38            [ 2]  805 	ldw	y, (0x38, sp)
      0002C2 17 5B            [ 2]  806 	ldw	(0x5b, sp), y
      0002C4 16 36            [ 2]  807 	ldw	y, (0x36, sp)
                                    808 ; genGoto
      0002C6 CCr02rCF         [ 2]  809 	jp	00151$
                                    810 ; genLabel
      0002C9                        811 00150$:
                                    812 ; genAssign
      0002C9 16 34            [ 2]  813 	ldw	y, (0x34, sp)
      0002CB 17 5B            [ 2]  814 	ldw	(0x5b, sp), y
      0002CD 16 32            [ 2]  815 	ldw	y, (0x32, sp)
                                    816 ; genLabel
      0002CF                        817 00151$:
                                    818 ; genAssign
      0002CF 1E 5B            [ 2]  819 	ldw	x, (0x5b, sp)
                                    820 ;	src/main.c: 125: uint8_t  dig  = (uint8_t)((disp / 1000) % 10);
                                    821 ; genIPush
      0002D1 4B E8            [ 1]  822 	push	#0xe8
      0002D3 4B 03            [ 1]  823 	push	#0x03
      0002D5 4B 00            [ 1]  824 	push	#0x00
      0002D7 4B 00            [ 1]  825 	push	#0x00
                                    826 ; genIPush
      0002D9 89               [ 2]  827 	pushw	x
      0002DA 90 89            [ 2]  828 	pushw	y
                                    829 ; genCall
      0002DC CDr00r00         [ 4]  830 	call	__divulong
      0002DF 5B 08            [ 2]  831 	addw	sp, #8
                                    832 ; genIPush
      0002E1 4B 0A            [ 1]  833 	push	#0x0a
      0002E3 4B 00            [ 1]  834 	push	#0x00
      0002E5 4B 00            [ 1]  835 	push	#0x00
      0002E7 4B 00            [ 1]  836 	push	#0x00
                                    837 ; genIPush
      0002E9 89               [ 2]  838 	pushw	x
      0002EA 90 89            [ 2]  839 	pushw	y
                                    840 ; genCall
      0002EC CDr00r00         [ 4]  841 	call	__modulong
      0002EF 5B 08            [ 2]  842 	addw	sp, #8
                                    843 ; genCast
                                    844 ; genAssign
                                    845 ;	src/main.c: 127: if (!running) {
                                    846 ; genIfx
      0002F1 0D 2D            [ 1]  847 	tnz	(0x2d, sp)
      0002F3 27 03            [ 1]  848 	jreq	00315$
      0002F5 CCr03r37         [ 2]  849 	jp	00127$
      0002F8                        850 00315$:
                                    851 ;	src/main.c: 128: if (now - blink_tick > 500) {
                                    852 ; genMinus
      0002F8 16 57            [ 2]  853 	ldw	y, (0x57, sp)
      0002FA 72 F2 49         [ 2]  854 	subw	y, (0x49, sp)
      0002FD 17 5B            [ 2]  855 	ldw	(0x5b, sp), y
      0002FF 7B 56            [ 1]  856 	ld	a, (0x56, sp)
      000301 12 48            [ 1]  857 	sbc	a, (0x48, sp)
      000303 6B 5A            [ 1]  858 	ld	(0x5a, sp), a
      000305 7B 55            [ 1]  859 	ld	a, (0x55, sp)
      000307 12 47            [ 1]  860 	sbc	a, (0x47, sp)
      000309 6B 59            [ 1]  861 	ld	(0x59, sp), a
                                    862 ; genCmp
                                    863 ; genCmpTnz
      00030B A6 F4            [ 1]  864 	ld	a, #0xf4
      00030D 11 5C            [ 1]  865 	cp	a, (0x5c, sp)
      00030F A6 01            [ 1]  866 	ld	a, #0x01
      000311 12 5B            [ 1]  867 	sbc	a, (0x5b, sp)
      000313 4F               [ 1]  868 	clr	a
      000314 12 5A            [ 1]  869 	sbc	a, (0x5a, sp)
      000316 4F               [ 1]  870 	clr	a
      000317 12 59            [ 1]  871 	sbc	a, (0x59, sp)
      000319 25 03            [ 1]  872 	jrc	00316$
      00031B CCr03r2B         [ 2]  873 	jp	00125$
      00031E                        874 00316$:
                                    875 ; skipping generated iCode
                                    876 ;	src/main.c: 129: blink_on = !blink_on;
                                    877 ; genNot
      00031E 04 5D            [ 1]  878 	srl	(0x5d, sp)
      000320 8C               [ 1]  879 	ccf
      000321 09 5D            [ 1]  880 	rlc	(0x5d, sp)
                                    881 ;	src/main.c: 130: blink_tick = now;
                                    882 ; genAssign
      000323 16 57            [ 2]  883 	ldw	y, (0x57, sp)
      000325 17 49            [ 2]  884 	ldw	(0x49, sp), y
      000327 16 55            [ 2]  885 	ldw	y, (0x55, sp)
      000329 17 47            [ 2]  886 	ldw	(0x47, sp), y
                                    887 ; genLabel
      00032B                        888 00125$:
                                    889 ;	src/main.c: 132: seg7_show(dig, !blink_on);
                                    890 ; genNot
      00032B 7B 5D            [ 1]  891 	ld	a, (0x5d, sp)
      00032D A8 01            [ 1]  892 	xor	a, #0x01
                                    893 ; genIPush
      00032F 88               [ 1]  894 	push	a
                                    895 ; genSend
      000330 9F               [ 1]  896 	ld	a, xl
                                    897 ; genCall
      000331 CDr00r00         [ 4]  898 	call	_seg7_show
                                    899 ; genGoto
      000334 CCr03r3D         [ 2]  900 	jp	00128$
                                    901 ; genLabel
      000337                        902 00127$:
                                    903 ;	src/main.c: 134: seg7_show(dig, false);
                                    904 ; genIPush
      000337 4B 00            [ 1]  905 	push	#0x00
                                    906 ; genSend
      000339 9F               [ 1]  907 	ld	a, xl
                                    908 ; genCall
      00033A CDr00r00         [ 4]  909 	call	_seg7_show
                                    910 ; genLabel
      00033D                        911 00128$:
                                    912 ;	src/main.c: 137: if (now - led_tick > 1000) {
                                    913 ; genMinus
      00033D 1E 57            [ 2]  914 	ldw	x, (0x57, sp)
      00033F 72 F0 41         [ 2]  915 	subw	x, (0x41, sp)
      000342 1F 5B            [ 2]  916 	ldw	(0x5b, sp), x
      000344 7B 56            [ 1]  917 	ld	a, (0x56, sp)
      000346 12 40            [ 1]  918 	sbc	a, (0x40, sp)
      000348 6B 5A            [ 1]  919 	ld	(0x5a, sp), a
      00034A 7B 55            [ 1]  920 	ld	a, (0x55, sp)
      00034C 12 3F            [ 1]  921 	sbc	a, (0x3f, sp)
      00034E 6B 59            [ 1]  922 	ld	(0x59, sp), a
                                    923 ; genCmp
                                    924 ; genCmpTnz
      000350 AE 03 E8         [ 2]  925 	ldw	x, #0x03e8
      000353 13 5B            [ 2]  926 	cpw	x, (0x5b, sp)
      000355 4F               [ 1]  927 	clr	a
      000356 12 5A            [ 1]  928 	sbc	a, (0x5a, sp)
      000358 4F               [ 1]  929 	clr	a
      000359 12 59            [ 1]  930 	sbc	a, (0x59, sp)
      00035B 25 03            [ 1]  931 	jrc	00317$
      00035D CCr03r70         [ 2]  932 	jp	00130$
      000360                        933 00317$:
                                    934 ; skipping generated iCode
                                    935 ;	src/main.c: 138: REVERSE(LED);
                                    936 ; genSend
      000360 A6 20            [ 1]  937 	ld	a, #0x20
                                    938 ; genSend
      000362 AE 50 05         [ 2]  939 	ldw	x, #0x5005
                                    940 ; genCall
      000365 CDr00r00         [ 4]  941 	call	_GPIO_WriteReverse
                                    942 ;	src/main.c: 139: led_tick = now;
                                    943 ; genAssign
      000368 16 57            [ 2]  944 	ldw	y, (0x57, sp)
      00036A 17 41            [ 2]  945 	ldw	(0x41, sp), y
      00036C 16 55            [ 2]  946 	ldw	y, (0x55, sp)
      00036E 17 3F            [ 2]  947 	ldw	(0x3f, sp), y
                                    948 ; genLabel
      000370                        949 00130$:
                                    950 ;	src/main.c: 142: if (now - uart_tick > 1000) {
                                    951 ; genMinus
      000370 1E 57            [ 2]  952 	ldw	x, (0x57, sp)
      000372 72 F0 45         [ 2]  953 	subw	x, (0x45, sp)
      000375 1F 5B            [ 2]  954 	ldw	(0x5b, sp), x
      000377 7B 56            [ 1]  955 	ld	a, (0x56, sp)
      000379 12 44            [ 1]  956 	sbc	a, (0x44, sp)
      00037B 6B 5A            [ 1]  957 	ld	(0x5a, sp), a
      00037D 7B 55            [ 1]  958 	ld	a, (0x55, sp)
      00037F 12 43            [ 1]  959 	sbc	a, (0x43, sp)
      000381 6B 59            [ 1]  960 	ld	(0x59, sp), a
                                    961 ; genCmp
                                    962 ; genCmpTnz
      000383 AE 03 E8         [ 2]  963 	ldw	x, #0x03e8
      000386 13 5B            [ 2]  964 	cpw	x, (0x5b, sp)
      000388 4F               [ 1]  965 	clr	a
      000389 12 5A            [ 1]  966 	sbc	a, (0x5a, sp)
      00038B 4F               [ 1]  967 	clr	a
      00038C 12 59            [ 1]  968 	sbc	a, (0x59, sp)
      00038E 25 03            [ 1]  969 	jrc	00318$
      000390 CCr01r3D         [ 2]  970 	jp	00134$
      000393                        971 00318$:
                                    972 ; skipping generated iCode
                                    973 ;	src/main.c: 145: (uint16_t)(lap / 1000),     (uint8_t)((lap % 1000) / 10));
                                    974 ; genIPush
      000393 4B E8            [ 1]  975 	push	#0xe8
      000395 4B 03            [ 1]  976 	push	#0x03
      000397 5F               [ 1]  977 	clrw	x
      000398 89               [ 2]  978 	pushw	x
                                    979 ; genIPush
      000399 1E 3C            [ 2]  980 	ldw	x, (0x3c, sp)
      00039B 89               [ 2]  981 	pushw	x
      00039C 1E 3C            [ 2]  982 	ldw	x, (0x3c, sp)
      00039E 89               [ 2]  983 	pushw	x
                                    984 ; genCall
      00039F CDr00r00         [ 4]  985 	call	__modulong
      0003A2 5B 08            [ 2]  986 	addw	sp, #8
                                    987 ; genIPush
      0003A4 4B 0A            [ 1]  988 	push	#0x0a
      0003A6 4B 00            [ 1]  989 	push	#0x00
      0003A8 4B 00            [ 1]  990 	push	#0x00
      0003AA 4B 00            [ 1]  991 	push	#0x00
                                    992 ; genIPush
      0003AC 89               [ 2]  993 	pushw	x
      0003AD 90 89            [ 2]  994 	pushw	y
                                    995 ; genCall
      0003AF CDr00r00         [ 4]  996 	call	__divulong
      0003B2 5B 08            [ 2]  997 	addw	sp, #8
      0003B4 9F               [ 1]  998 	ld	a, xl
                                    999 ; genCast
                                   1000 ; genAssign
                                   1001 ; genIPush
      0003B5 88               [ 1] 1002 	push	a
      0003B6 4B E8            [ 1] 1003 	push	#0xe8
      0003B8 4B 03            [ 1] 1004 	push	#0x03
      0003BA 5F               [ 1] 1005 	clrw	x
      0003BB 89               [ 2] 1006 	pushw	x
                                   1007 ; genIPush
      0003BC 1E 3D            [ 2] 1008 	ldw	x, (0x3d, sp)
      0003BE 89               [ 2] 1009 	pushw	x
      0003BF 1E 3D            [ 2] 1010 	ldw	x, (0x3d, sp)
      0003C1 89               [ 2] 1011 	pushw	x
                                   1012 ; genCall
      0003C2 CDr00r00         [ 4] 1013 	call	__divulong
      0003C5 5B 08            [ 2] 1014 	addw	sp, #8
      0003C7 84               [ 1] 1015 	pop	a
                                   1016 ; genCast
                                   1017 ; genAssign
      0003C8 1F 5A            [ 2] 1018 	ldw	(0x5a, sp), x
                                   1019 ;	src/main.c: 144: (uint16_t)(elapsed / 1000), (uint8_t)((elapsed % 1000) / 10),
                                   1020 ; genIPush
      0003CA 88               [ 1] 1021 	push	a
      0003CB 4B E8            [ 1] 1022 	push	#0xe8
      0003CD 4B 03            [ 1] 1023 	push	#0x03
      0003CF 5F               [ 1] 1024 	clrw	x
      0003D0 89               [ 2] 1025 	pushw	x
                                   1026 ; genIPush
      0003D1 1E 39            [ 2] 1027 	ldw	x, (0x39, sp)
      0003D3 89               [ 2] 1028 	pushw	x
      0003D4 1E 39            [ 2] 1029 	ldw	x, (0x39, sp)
      0003D6 89               [ 2] 1030 	pushw	x
                                   1031 ; genCall
      0003D7 CDr00r00         [ 4] 1032 	call	__modulong
      0003DA 5B 08            [ 2] 1033 	addw	sp, #8
      0003DC 1F 46            [ 2] 1034 	ldw	(0x46, sp), x
      0003DE 84               [ 1] 1035 	pop	a
                                   1036 ; genIPush
      0003DF 88               [ 1] 1037 	push	a
      0003E0 4B 0A            [ 1] 1038 	push	#0x0a
      0003E2 5F               [ 1] 1039 	clrw	x
      0003E3 89               [ 2] 1040 	pushw	x
      0003E4 4B 00            [ 1] 1041 	push	#0x00
                                   1042 ; genIPush
      0003E6 1E 4A            [ 2] 1043 	ldw	x, (0x4a, sp)
      0003E8 89               [ 2] 1044 	pushw	x
      0003E9 90 89            [ 2] 1045 	pushw	y
                                   1046 ; genCall
      0003EB CDr00r00         [ 4] 1047 	call	__divulong
      0003EE 5B 08            [ 2] 1048 	addw	sp, #8
      0003F0 84               [ 1] 1049 	pop	a
                                   1050 ; genCast
                                   1051 ; genAssign
      0003F1 41               [ 1] 1052 	exg	a, xl
      0003F2 6B 5C            [ 1] 1053 	ld	(0x5c, sp), a
      0003F4 41               [ 1] 1054 	exg	a, xl
                                   1055 ; genIPush
      0003F5 88               [ 1] 1056 	push	a
      0003F6 4B E8            [ 1] 1057 	push	#0xe8
      0003F8 4B 03            [ 1] 1058 	push	#0x03
      0003FA 5F               [ 1] 1059 	clrw	x
      0003FB 89               [ 2] 1060 	pushw	x
                                   1061 ; genIPush
      0003FC 1E 39            [ 2] 1062 	ldw	x, (0x39, sp)
      0003FE 89               [ 2] 1063 	pushw	x
      0003FF 1E 39            [ 2] 1064 	ldw	x, (0x39, sp)
      000401 89               [ 2] 1065 	pushw	x
                                   1066 ; genCall
      000402 CDr00r00         [ 4] 1067 	call	__divulong
      000405 5B 08            [ 2] 1068 	addw	sp, #8
      000407 84               [ 1] 1069 	pop	a
                                   1070 ; genCast
                                   1071 ; genAssign
                                   1072 ;	src/main.c: 143: sprintf(buf, "T=%u.%02us LAP=%u.%02us\r\n",
                                   1073 ; skipping iCode since result will be rematerialized
                                   1074 ; skipping iCode since result will be rematerialized
                                   1075 ; skipping iCode since result will be rematerialized
                                   1076 ; skipping iCode since result will be rematerialized
                                   1077 ; genIPush
      000408 88               [ 1] 1078 	push	a
                                   1079 ; genIPush
      000409 16 5B            [ 2] 1080 	ldw	y, (0x5b, sp)
      00040B 90 89            [ 2] 1081 	pushw	y
                                   1082 ; genIPush
      00040D 7B 5F            [ 1] 1083 	ld	a, (0x5f, sp)
      00040F 88               [ 1] 1084 	push	a
                                   1085 ; genIPush
      000410 89               [ 2] 1086 	pushw	x
                                   1087 ; genIPush
      000411 4Br0A            [ 1] 1088 	push	#<(___str_0+0)
      000413 4Bs00            [ 1] 1089 	push	#((___str_0+0) >> 8)
                                   1090 ; genIPush
      000415 96               [ 1] 1091 	ldw	x, sp
      000416 1C 00 0D         [ 2] 1092 	addw	x, #13
      000419 89               [ 2] 1093 	pushw	x
                                   1094 ; genCall
      00041A CDr00r00         [ 4] 1095 	call	_sprintf
      00041D 5B 0A            [ 2] 1096 	addw	sp, #10
                                   1097 ;	src/main.c: 146: uart1_puts(buf);
                                   1098 ; skipping iCode since result will be rematerialized
                                   1099 ; skipping iCode since result will be rematerialized
                                   1100 ; genSend
      00041F 96               [ 1] 1101 	ldw	x, sp
      000420 1C 00 05         [ 2] 1102 	addw	x, #5
                                   1103 ; genCall
      000423 CDr00r00         [ 4] 1104 	call	_uart1_puts
                                   1105 ;	src/main.c: 147: uart_tick = now;
                                   1106 ; genAssign
      000426 16 57            [ 2] 1107 	ldw	y, (0x57, sp)
      000428 17 45            [ 2] 1108 	ldw	(0x45, sp), y
      00042A 16 55            [ 2] 1109 	ldw	y, (0x55, sp)
      00042C 17 43            [ 2] 1110 	ldw	(0x43, sp), y
                                   1111 ; genGoto
      00042E CCr01r3D         [ 2] 1112 	jp	00134$
                                   1113 ; genLabel
      000431                       1114 00136$:
                                   1115 ;	src/main.c: 150: }
                                   1116 ; genEndFunction
      000431 5B 5D            [ 2] 1117 	addw	sp, #93
      000433 81               [ 4] 1118 	ret
                                   1119 	.area CODE
                                   1120 	.area CONST
      000000                       1121 _SEG7:
      000000 3F                    1122 	.db #0x3f	; 63
      000001 06                    1123 	.db #0x06	; 6
      000002 5B                    1124 	.db #0x5b	; 91
      000003 4F                    1125 	.db #0x4f	; 79	'O'
      000004 66                    1126 	.db #0x66	; 102	'f'
      000005 6D                    1127 	.db #0x6d	; 109	'm'
      000006 7D                    1128 	.db #0x7d	; 125
      000007 07                    1129 	.db #0x07	; 7
      000008 7F                    1130 	.db #0x7f	; 127
      000009 6F                    1131 	.db #0x6f	; 111	'o'
                                   1132 	.area CONST
      00000A                       1133 ___str_0:
      00000A 54 3D 25 75 2E 25 30  1134 	.ascii "T=%u.%02us LAP=%u.%02us"
             32 75 73 20 4C 41 50
             3D 25 75 2E 25 30 32
             75 73
      000021 0D                    1135 	.db 0x0d
      000022 0A                    1136 	.db 0x0a
      000023 00                    1137 	.db 0x00
                                   1138 	.area CODE
                                   1139 	.area INITIALIZER
                                   1140 	.area CABS (ABS)
