ASxxxx Linker V03.00/V05.40 + sdld,  page 1.
Hexadecimal  [32-Bits]

Area                                    Addr        Size        Decimal Bytes (Attributes)
--------------------------------        ----        ----        ------- ----- ------------
.  .ABS.                            00000000    00000000 =           0. bytes (ABS,CON)

      Value  Global                              Global Defined In Module
      -----  --------------------------------   ------------------------
     00000000  .__.ABS.                           stm8s_clk
     00000000  l_CABS                          
     00000000  l_DABS                          
     00000000  l_DATA                          
     00000000  l__CODE                         
     00000000  s_CABS                          
     00000000  s_DABS                          
     00000000  s__CODE                         
     00000001  l_SSEG                          
     00000001  s_DATA                          
     00000001  s_INITIALIZED                   
     00000003  l_GSFINAL                       
     00000004  l_INITIALIZED                   
     00000004  l_INITIALIZER                   
     00000023  l_GSINIT                        
     0000003B  l_CONST                         
     0000006F  l_HOME                          
     0000125E  l_CODE                          
     00008000  s_HOME                          
     0000806F  s_GSINIT                        
     00008092  s_GSFINAL                       
     00008095  s_CONST                         
     000080D0  s_INITIALIZER                   
     000080D4  s_CODE                          
     00009332  s_SSEG                          

ASxxxx Linker V03.00/V05.40 + sdld,  page 2.
Hexadecimal  [32-Bits]

Area                                    Addr        Size        Decimal Bytes (Attributes)
--------------------------------        ----        ----        ------- ----- ------------
INITIALIZED                         00000001    00000004 =           4. bytes (REL,CON)

      Value  Global                              Global Defined In Module
      -----  --------------------------------   ------------------------
     00000001  _miliseconds                       milis

ASxxxx Linker V03.00/V05.40 + sdld,  page 3.
Hexadecimal  [32-Bits]

Area                                    Addr        Size        Decimal Bytes (Attributes)
--------------------------------        ----        ----        ------- ----- ------------
HOME                                00008000    0000006F =         111. bytes (REL,CON)

      Value  Global                              Global Defined In Module
      -----  --------------------------------   ------------------------
ASxxxx Linker V03.00/V05.40 + sdld,  page 4.
Hexadecimal  [32-Bits]

Area                                    Addr        Size        Decimal Bytes (Attributes)
--------------------------------        ----        ----        ------- ----- ------------
GSINIT                              0000806F    00000023 =          35. bytes (REL,CON)

      Value  Global                              Global Defined In Module
      -----  --------------------------------   ------------------------
ASxxxx Linker V03.00/V05.40 + sdld,  page 5.
Hexadecimal  [32-Bits]

Area                                    Addr        Size        Decimal Bytes (Attributes)
--------------------------------        ----        ----        ------- ----- ------------
GSFINAL                             00008092    00000003 =           3. bytes (REL,CON)

      Value  Global                              Global Defined In Module
      -----  --------------------------------   ------------------------
ASxxxx Linker V03.00/V05.40 + sdld,  page 6.
Hexadecimal  [32-Bits]

Area                                    Addr        Size        Decimal Bytes (Attributes)
--------------------------------        ----        ----        ------- ----- ------------
CONST                               00008095    0000003B =          59. bytes (REL,CON)

      Value  Global                              Global Defined In Module
      -----  --------------------------------   ------------------------
     000080C4  _HSIDivFactor                      stm8s_clk
     000080C8  _CLKPrescTable                     stm8s_clk

ASxxxx Linker V03.00/V05.40 + sdld,  page 7.
Hexadecimal  [32-Bits]

Area                                    Addr        Size        Decimal Bytes (Attributes)
--------------------------------        ----        ----        ------- ----- ------------
INITIALIZER                         000080D0    00000004 =           4. bytes (REL,CON)

      Value  Global                              Global Defined In Module
      -----  --------------------------------   ------------------------
ASxxxx Linker V03.00/V05.40 + sdld,  page 8.
Hexadecimal  [32-Bits]

Area                                    Addr        Size        Decimal Bytes (Attributes)
--------------------------------        ----        ----        ------- ----- ------------
CODE                                000080D4    0000125E =        4702. bytes (REL,CON)

      Value  Global                              Global Defined In Module
      -----  --------------------------------   ------------------------
     00008116  _delay_us                          delay
     00008153  _delay_ms                          delay
     0000829A  _main                              main
     000085CF  _milis                             milis
     000085EF  _init_milis                        milis
     00008610  _TRAP_IRQHandler                   stm8s_it
     00008611  _TLI_IRQHandler                    stm8s_it
     00008612  _AWU_IRQHandler                    stm8s_it
     00008613  _CLK_IRQHandler                    stm8s_it
     00008614  _EXTI_PORTA_IRQHandler             stm8s_it
     00008615  _EXTI_PORTB_IRQHandler             stm8s_it
     00008616  _EXTI_PORTC_IRQHandler             stm8s_it
     00008617  _EXTI_PORTD_IRQHandler             stm8s_it
     00008618  _EXTI_PORTE_IRQHandler             stm8s_it
     00008619  _CAN_RX_IRQHandler                 stm8s_it
     0000861A  _CAN_TX_IRQHandler                 stm8s_it
     0000861B  _SPI_IRQHandler                    stm8s_it
     0000861C  _TIM1_UPD_OVF_TRG_BRK_IRQHandler   stm8s_it
     0000861D  _TIM1_CAP_COM_IRQHandler           stm8s_it
     0000861E  _TIM2_UPD_OVF_BRK_IRQHandler       stm8s_it
     0000861F  _TIM2_CAP_COM_IRQHandler           stm8s_it
     00008620  _TIM3_UPD_OVF_BRK_IRQHandler       stm8s_it
     00008621  _TIM3_CAP_COM_IRQHandler           stm8s_it
     00008622  _UART1_TX_IRQHandler               stm8s_it
     00008623  _UART1_RX_IRQHandler               stm8s_it
     00008624  _I2C_IRQHandler                    stm8s_it
     00008625  _UART3_TX_IRQHandler               stm8s_it
     00008626  _UART3_RX_IRQHandler               stm8s_it
     00008627  _ADC2_IRQHandler                   stm8s_it
     00008628  _TIM4_UPD_OVF_IRQHandler           stm8s_it
     00008642  _EEPROM_EEC_IRQHandler             stm8s_it
     00008643  _init_uart1                        uart1
     0000866A  _uart1_puts                        uart1
     00008689  _putchar                           uart1
     0000869E  _GPIO_Init                         stm8s_gpio_GPIO_Init
     00008728  _UART1_GetFlagStatus               stm8s_uart1_UART1_GetFlagSta
     00008786  _TIM4_ITConfig                     stm8s_tim4_TIM4_ITConfig
     000087A8  _GPIO_WriteReverse                 stm8s_gpio_GPIO_WriteReverse
     000087B1  _GPIO_ReadInputPin                 stm8s_gpio_GPIO_ReadInputPin
     000087BE  __modulong                         _modulong
     00008834  _vsprintf                          sprintf
     00008853  _sprintf                           sprintf
     0000886B  _CLK_PeripheralClockConfig         stm8s_clk_CLK_PeripheralCloc
     000088C0  __divulong                         _divulong
     00008919  _UART1_SendData8                   stm8s_uart1_UART1_SendData8
     0000891D  _UART1_DeInit                      stm8s_uart1_UART1_DeInit
     00008948  _GPIO_WriteLow                     stm8s_gpio_GPIO_WriteLow
     00008954  ___sdcc_external_startup           _startup
     00008956  _TIM4_Cmd                          stm8s_tim4_TIM4_Cmd
     00008972  _CLK_HSIPrescalerConfig            stm8s_clk_CLK_HSIPrescalerCo
ASxxxx Linker V03.00/V05.40 + sdld,  page 9.
Hexadecimal  [32-Bits]

Area                                    Addr        Size        Decimal Bytes (Attributes)
--------------------------------        ----        ----        ------- ----- ------------
CODE                                000080D4    0000125E =        4702. bytes (REL,CON)

      Value  Global                              Global Defined In Module
      -----  --------------------------------   ------------------------
     00008987  _GPIO_ReadOutputData               stm8s_gpio_GPIO_ReadOutputDa
     00008989  _ITC_SetSoftwarePriority           stm8s_itc_ITC_SetSoftwarePri
     00008A76  _GPIO_WriteHigh                    stm8s_gpio_GPIO_WriteHigh
     00008A7F  _GPIO_Write                        stm8s_gpio_GPIO_Write
     00008A81  _TIM4_TimeBaseInit                 stm8s_tim4_TIM4_TimeBaseInit
     00008A8D  __modsint                          
     00008AA5  __mullong                          
     00008B21  _TIM4_ClearFlag                    stm8s_tim4_TIM4_ClearFlag
     00008B26  _UART1_Cmd                         stm8s_uart1_UART1_Cmd
     00008B42  _UART1_Init                        stm8s_uart1_UART1_Init
     00008D53  __print_format                     printf_large
     000092CC  _CLK_GetClockFreq                  stm8s_clk_CLK_GetClockFreq
     00009324  _strlen                            _strlen
ASxxxx Linker V03.00/V05.40 + sdld,  page 10.
Hexadecimal  [32-Bits]

Area                                    Addr        Size        Decimal Bytes (Attributes)
--------------------------------        ----        ----        ------- ----- ------------
SSEG                                00009332    00000001 =           1. bytes (REL,CON)

      Value  Global                              Global Defined In Module
      -----  --------------------------------   ------------------------
ASxxxx Linker V03.00/V05.40 + sdld,  page 11.

Files Linked                              [ module(s) ]

build-STM8S208/delay.rel                  [ delay ]
build-STM8S208/main.rel                   [ main ]
build-STM8S208/milis.rel                  [ milis ]
build-STM8S208/stm8s_it.rel               [ stm8s_it ]
build-STM8S208/uart1.rel                  [ uart1 ]


Libraries Linked                          [ object file ]

../SPLSPL/spl-STM8S208.ihx.lib            [ stm8s_gpio_GPIO_Init.rel ]
../SPLSPL/spl-STM8S208.ihx.lib            [ stm8s_uart1_UART1_GetFlagStatus. ]
../SPLSPL/spl-STM8S208.ihx.lib            [ stm8s_tim4_TIM4_ITConfig.rel ]
../SPLSPL/spl-STM8S208.ihx.lib            [ stm8s_gpio_GPIO_WriteReverse.rel ]
../SPLSPL/spl-STM8S208.ihx.lib            [ stm8s_gpio_GPIO_ReadInputPin.rel ]
/usr/local/stow/sdcc-4.4.0/bin/../share/sdcc/lib/stm8/stm8.lib
                                          [ _modulong.rel ]
/usr/local/stow/sdcc-4.4.0/bin/../share/sdcc/lib/stm8/stm8.lib
                                          [ sprintf.rel ]
../SPLSPL/spl-STM8S208.ihx.lib            [ stm8s_clk_CLK_PeripheralClockCon ]
/usr/local/stow/sdcc-4.4.0/bin/../share/sdcc/lib/stm8/stm8.lib
                                          [ _divulong.rel ]
../SPLSPL/spl-STM8S208.ihx.lib            [ stm8s_uart1_UART1_SendData8.rel ]
../SPLSPL/spl-STM8S208.ihx.lib            [ stm8s_uart1_UART1_DeInit.rel ]
../SPLSPL/spl-STM8S208.ihx.lib            [ stm8s_gpio_GPIO_WriteLow.rel ]
/usr/local/stow/sdcc-4.4.0/bin/../share/sdcc/lib/stm8/stm8.lib
                                          [ _startup.rel ]
../SPLSPL/spl-STM8S208.ihx.lib            [ stm8s_tim4_TIM4_Cmd.rel ]
../SPLSPL/spl-STM8S208.ihx.lib            [ stm8s_clk_CLK_HSIPrescalerConfig ]
../SPLSPL/spl-STM8S208.ihx.lib            [ stm8s_gpio_GPIO_ReadOutputData.r ]
../SPLSPL/spl-STM8S208.ihx.lib            [ stm8s_itc_ITC_SetSoftwarePriorit ]
../SPLSPL/spl-STM8S208.ihx.lib            [ stm8s_gpio_GPIO_WriteHigh.rel ]
../SPLSPL/spl-STM8S208.ihx.lib            [ stm8s_gpio_GPIO_Write.rel ]
../SPLSPL/spl-STM8S208.ihx.lib            [ stm8s_tim4_TIM4_TimeBaseInit.rel ]
/usr/local/stow/sdcc-4.4.0/bin/../share/sdcc/lib/stm8/stm8.lib
                                          [ _modsint.rel ]
/usr/local/stow/sdcc-4.4.0/bin/../share/sdcc/lib/stm8/stm8.lib
                                          [ _mullong.rel ]
../SPLSPL/spl-STM8S208.ihx.lib            [ stm8s_tim4_TIM4_ClearFlag.rel ]
../SPLSPL/spl-STM8S208.ihx.lib            [ stm8s_uart1_UART1_Cmd.rel ]
../SPLSPL/spl-STM8S208.ihx.lib            [ stm8s_uart1_UART1_Init.rel ]
/usr/local/stow/sdcc-4.4.0/bin/../share/sdcc/lib/stm8/stm8.lib
                                          [ printf_large.rel ]
../SPLSPL/spl-STM8S208.ihx.lib            [ stm8s_clk_CLK_GetClockFreq.rel ]
/usr/local/stow/sdcc-4.4.0/bin/../share/sdcc/lib/stm8/stm8.lib
                                          [ _strlen.rel ]
../SPLSPL/spl-STM8S208.ihx.lib            [ stm8s_clk.rel ]

ASxxxx Linker V03.00/V05.40 + sdld,  page 12.

User Base Address Definitions

HOME = 0x8000
DATA = 0x0001

